This file contains any messages produced by compilers while
running configure, to aid debugging if configure makes a mistake.

It was created by configure, which was
generated by GNU Autoconf 2.71.  Invocation command line was

  $ /home/runner/work/binutils217/binutils217/gas/configure --cache-file=./config.cache --build=x86_64-unknown-linux-gnu --host=x86_64-unknown-linux-gnu --target=x86_64-unknown-linux-gnu --with-gnu-as --with-gnu-ld --prefix=/tmp/binut217 --disable-werror --program-transform-name=s,y,y, --srcdir=.././gas

## --------- ##
## Platform. ##
## --------- ##

hostname = runnervm46oaq
uname -m = x86_64
uname -r = 6.14.0-1017-azure
uname -s = Linux
uname -v = #17~24.04.1-Ubuntu SMP Mon Dec  1 20:10:50 UTC 2025

/usr/bin/uname -p = x86_64
/bin/uname -X     = unknown

/bin/arch              = x86_64
/usr/bin/arch -k       = unknown
/usr/convex/getsysinfo = unknown
/usr/bin/hostinfo      = unknown
/bin/machine           = unknown
/usr/bin/oslevel       = unknown
/bin/universe          = unknown

PATH: /home/runner/work/_temp/ghcca-node/node/bin/
PATH: /snap/bin/
PATH: /home/runner/.local/bin/
PATH: /opt/pipx_bin/
PATH: /home/runner/.cargo/bin/
PATH: /home/runner/.config/composer/vendor/bin/
PATH: /usr/local/.ghcup/bin/
PATH: /home/runner/.dotnet/tools/
PATH: /usr/local/sbin/
PATH: /usr/local/bin/
PATH: /usr/sbin/
PATH: /usr/bin/
PATH: /sbin/
PATH: /bin/
PATH: /usr/games/
PATH: /usr/local/games/
PATH: /snap/bin/


## ----------- ##
## Core tests. ##
## ----------- ##

configure:2182: creating cache ./config.cache
configure:2520: looking for aux files: install-sh config.guess config.sub
configure:2533:  trying ./../
configure:2544:   ./../install-sh found
configure:2562:   ./../config.guess found
configure:2562:   ./../config.sub found
configure:2682: checking build system type
configure:2697: result: x86_64-unknown-linux-gnu
configure:2717: checking host system type
configure:2731: result: x86_64-unknown-linux-gnu
configure:2751: checking target system type
configure:2765: result: x86_64-unknown-linux-gnu
configure:2809: checking for x86_64-unknown-linux-gnu-gcc
configure:2841: result: gcc
configure:3239: checking for C compiler version
configure:3248: gcc --version >&5
gcc (Ubuntu 13.3.0-6ubuntu2~24.04.1) 13.3.0
Copyright (C) 2023 Free Software Foundation, Inc.
This is free software; see the source for copying conditions.  There is NO
warranty; not even for MERCHANTABILITY or FITNESS FOR A PARTICULAR PURPOSE.

configure:3259: $? = 0
configure:3248: gcc -v >&5
Using built-in specs.
COLLECT_GCC=gcc
COLLECT_LTO_WRAPPER=/usr/libexec/gcc/x86_64-linux-gnu/13/lto-wrapper
OFFLOAD_TARGET_NAMES=nvptx-none:amdgcn-amdhsa
OFFLOAD_TARGET_DEFAULT=1
Target: x86_64-linux-gnu
Configured with: ../src/configure -v --with-pkgversion='Ubuntu 13.3.0-6ubuntu2~24.04.1' --with-bugurl=file:///usr/share/doc/gcc-13/README.Bugs --enable-languages=c,ada,c++,go,d,fortran,objc,obj-c++,m2 --prefix=/usr --with-gcc-major-version-only --program-suffix=-13 --program-prefix=x86_64-linux-gnu- --enable-shared --enable-linker-build-id --libexecdir=/usr/libexec --without-included-gettext --enable-threads=posix --libdir=/usr/lib --enable-nls --enable-bootstrap --enable-clocale=gnu --enable-libstdcxx-debug --enable-libstdcxx-time=yes --with-default-libstdcxx-abi=new --enable-libstdcxx-backtrace --enable-gnu-unique-object --disable-vtable-verify --enable-plugin --enable-default-pie --with-system-zlib --enable-libphobos-checking=release --with-target-system-zlib=auto --enable-objc-gc=auto --enable-multiarch --disable-werror --enable-cet --with-arch-32=i686 --with-abi=m64 --with-multilib-list=m32,m64,mx32 --enable-multilib --with-tune=generic --enable-offload-targets=nvptx-none=/build/gcc-13-EldibY/gcc-13-13.3.0/debian/tmp-nvptx/usr,amdgcn-amdhsa=/build/gcc-13-EldibY/gcc-13-13.3.0/debian/tmp-gcn/usr --enable-offload-defaulted --without-cuda-driver --enable-checking=release --build=x86_64-linux-gnu --host=x86_64-linux-gnu --target=x86_64-linux-gnu --with-build-config=bootstrap-lto-lean --enable-link-serialization=2
Thread model: posix
Supported LTO compression algorithms: zlib zstd
gcc version 13.3.0 (Ubuntu 13.3.0-6ubuntu2~24.04.1) 
... rest of stderr output deleted ...
configure:3259: $? = 0
configure:3248: gcc -V >&5
gcc: error: unrecognized command-line option '-V'
gcc: fatal error: no input files
compilation terminated.
configure:3259: $? = 1
configure:3248: gcc -qversion >&5
gcc: error: unrecognized command-line option '-qversion'; did you mean '--version'?
gcc: fatal error: no input files
compilation terminated.
configure:3259: $? = 1
configure:3248: gcc -version >&5
gcc: error: unrecognized command-line option '-version'
gcc: fatal error: no input files
compilation terminated.
configure:3259: $? = 1
configure:3279: checking whether the C compiler works
configure:3301: gcc -g -O2 -fcommon   conftest.c  >&5
configure:3305: $? = 0
configure:3355: result: yes
configure:3358: checking for C compiler default output file name
configure:3360: result: a.out
configure:3366: checking for suffix of executables
configure:3373: gcc -o conftest -g -O2 -fcommon   conftest.c  >&5
configure:3377: $? = 0
configure:3400: result: 
configure:3422: checking whether we are cross compiling
configure:3430: gcc -o conftest -g -O2 -fcommon   conftest.c  >&5
configure:3434: $? = 0
configure:3441: ./conftest
configure:3445: $? = 0
configure:3460: result: no
configure:3465: checking for suffix of object files
configure:3488: gcc -c -g -O2 -fcommon  conftest.c >&5
configure:3492: $? = 0
configure:3514: result: o
configure:3518: checking whether the compiler supports GNU C
configure:3538: gcc -c -g -O2 -fcommon  conftest.c >&5
configure:3538: $? = 0
configure:3548: result: yes
configure:3559: checking whether gcc accepts -g
configure:3580: gcc -c -g  conftest.c >&5
configure:3580: $? = 0
configure:3624: result: yes
configure:3644: checking for gcc option to enable C11 features
configure:3659: gcc  -c -g -O2 -fcommon  conftest.c >&5
configure:3659: $? = 0
configure:3677: result: none needed
configure:3788: checking for library containing strerror
configure:3818: gcc -o conftest -g -O2 -fcommon   conftest.c  >&5
configure:3818: $? = 0
configure:3838: result: none required
configure:3865: checking for a BSD-compatible install
configure:3938: result: /usr/bin/install -c
configure:3949: checking whether build environment is sane
configure:3986: result: yes
configure:4048: checking for gawk
configure:4069: found /usr/bin/gawk
configure:4080: result: gawk
configure:4091: checking whether make sets $(MAKE)
configure:4114: result: yes
configure:4144: checking for style of include used by make
configure:4172: result: GNU
configure:4365: checking dependency style of gcc
configure:4456: result: none
configure:4556: checking for ld used by GCC
configure:4620: result: ld
configure:4627: checking if the linker (ld) is GNU ld
GNU ld (GNU Binutils for Ubuntu) 2.42
configure:4640: result: yes
configure:4645: checking for ld option to reload object files
configure:4653: result: -r
configure:4658: checking for BSD-compatible nm
configure:4695: result: nm
configure:4698: checking whether ln -s works
configure:4702: result: yes
configure:4709: checking how to recognise dependant libraries
configure:4873: result: pass_all
configure:4884: checking the maximum length of command line arguments
configure:4940: result: none
configure:5089: checking for x86_64-unknown-linux-gnu-ranlib
configure:5121: result: ranlib
configure:5191: checking for x86_64-unknown-linux-gnu-strip
configure:5226: result: no
configure:5236: checking for strip
configure:5257: found /usr/bin/strip
configure:5268: result: strip
configure:5384: gcc -c -g -O2 -fcommon  conftest.c >&5
configure:5387: $? = 0
configure:5548: updating cache ./config.cache
ltcf-c.sh:need_lc: gcc -c -g -O2 -fcommon  conftest.c 1>&5
ltcf-c.sh:need_lc: gcc -shared conftest.o  -v -Wl,-soname -Wl,conftest -o conftest
 /usr/libexec/gcc/x86_64-linux-gnu/13/collect2 -plugin /usr/libexec/gcc/x86_64-linux-gnu/13/liblto_plugin.so -plugin-opt=/usr/libexec/gcc/x86_64-linux-gnu/13/lto-wrapper -plugin-opt=-fresolution=/tmp/ccCqZpn5.res -plugin-opt=-pass-through=-lgcc -plugin-opt=-pass-through=-lgcc_s -plugin-opt=-pass-through=-lc -plugin-opt=-pass-through=-lgcc -plugin-opt=-pass-through=-lgcc_s --build-id --eh-frame-hdr -m elf_x86_64 --hash-style=gnu --as-needed -shared -z relro -o conftest /usr/lib/gcc/x86_64-linux-gnu/13/../../../x86_64-linux-gnu/crti.o /usr/lib/gcc/x86_64-linux-gnu/13/crtbeginS.o -L/usr/lib/gcc/x86_64-linux-gnu/13 -L/usr/lib/gcc/x86_64-linux-gnu/13/../../../x86_64-linux-gnu -L/usr/lib/gcc/x86_64-linux-gnu/13/../../../../lib -L/lib/x86_64-linux-gnu -L/lib/../lib -L/usr/lib/x86_64-linux-gnu -L/usr/lib/../lib -L/usr/lib/gcc/x86_64-linux-gnu/13/../../.. conftest.o -soname conftest -lgcc --push-state --as-needed -lgcc_s --pop-state -lc -lgcc --push-state --as-needed -lgcc_s --pop-state /usr/lib/gcc/x86_64-linux-gnu/13/crtendS.o /usr/lib/gcc/x86_64-linux-gnu/13/../../../x86_64-linux-gnu/crtn.o
ltconfig:678:checking for gcc option to produce PIC
ltconfig:687:checking that gcc PIC flag -fPIC -DPIC works.
ltconfig:697: gcc -c -g -O2 -fcommon -fPIC -DPIC -DPIC  conftest.c 1>&5
ltconfig:749: checking if gcc static flag -static works
ltconfig:758: gcc -o conftest -g -O2 -fcommon   -static conftest.c  1>&5
conftest.c:1:1: warning: return type defaults to 'int' [-Wimplicit-int]
    1 | main(){return(0);}
      | ^~~~
ltconfig:780: finding the maximum length of command line arguments
ltconfig:@lineno@: result: 49153
ltconfig:833: checking if gcc supports -c -o file.o
ltconfig:834: gcc -c -g -O2 -fcommon -o out/conftest2.o  conftest.c 1>&5
ltconfig:887: checking if gcc supports -fno-rtti -fno-exceptions
ltconfig:888: gcc -c -g -O2 -fcommon -fno-rtti -fno-exceptions -c conftest.c  conftest.c 1>&5
ltconfig:1431: checking if global_symbol_pipe works
ltconfig:1432: gcc -c -g -O2 -fcommon  conftest.c 1>&5
ltconfig:1435: eval "nm conftest.o | sed -n -e 's/^.*[ 	]\([ABCDGISTW][ABCDGISTW]*\)[ 	][ 	]*\(\)\([_A-Za-z][_A-Za-z0-9]*\)$/  /p' > conftest.nm"
ltconfig:1487: gcc -o conftest -g -O2 -fcommon -fno-builtin   conftest.c conftstm.o 1>&5
configure:5585: loading cache ./config.cache
configure:5716: checking for stdio.h
configure:5716: gcc -c -g -O2 -fcommon  conftest.c >&5
configure:5716: $? = 0
configure:5716: result: yes
configure:5716: checking for stdlib.h
configure:5716: gcc -c -g -O2 -fcommon  conftest.c >&5
configure:5716: $? = 0
configure:5716: result: yes
configure:5716: checking for string.h
configure:5716: gcc -c -g -O2 -fcommon  conftest.c >&5
configure:5716: $? = 0
configure:5716: result: yes
configure:5716: checking for inttypes.h
configure:5716: gcc -c -g -O2 -fcommon  conftest.c >&5
configure:5716: $? = 0
configure:5716: result: yes
configure:5716: checking for stdint.h
configure:5716: gcc -c -g -O2 -fcommon  conftest.c >&5
configure:5716: $? = 0
configure:5716: result: yes
configure:5716: checking for strings.h
configure:5716: gcc -c -g -O2 -fcommon  conftest.c >&5
configure:5716: $? = 0
configure:5716: result: yes
configure:5716: checking for sys/stat.h
configure:5716: gcc -c -g -O2 -fcommon  conftest.c >&5
configure:5716: $? = 0
configure:5716: result: yes
configure:5716: checking for sys/types.h
configure:5716: gcc -c -g -O2 -fcommon  conftest.c >&5
configure:5716: $? = 0
configure:5716: result: yes
configure:5716: checking for unistd.h
configure:5716: gcc -c -g -O2 -fcommon  conftest.c >&5
configure:5716: $? = 0
configure:5716: result: yes
configure:5716: checking for sys/param.h
configure:5716: gcc -c -g -O2 -fcommon  conftest.c >&5
configure:5716: $? = 0
configure:5716: result: yes
configure:5741: checking whether byte ordering is bigendian
configure:5757: gcc -c -g -O2 -fcommon  conftest.c >&5
conftest.c:23:16: error: unknown type name 'not'
   23 |                not a universal capable compiler
      |                ^~~
conftest.c:23:22: error: expected '=', ',', ';', 'asm' or '__attribute__' before 'universal'
   23 |                not a universal capable compiler
      |                      ^~~~~~~~~
conftest.c:23:22: error: unknown type name 'universal'
configure:5757: $? = 1
configure: failed program was:
| /* confdefs.h */
| #define PACKAGE_NAME ""
| #define PACKAGE_TARNAME ""
| #define PACKAGE_VERSION ""
| #define PACKAGE_STRING ""
| #define PACKAGE_BUGREPORT ""
| #define PACKAGE_URL ""
| #define PACKAGE "gas"
| #define VERSION "2.17"
| #define HAVE_STDIO_H 1
| #define HAVE_STDLIB_H 1
| #define HAVE_STRING_H 1
| #define HAVE_INTTYPES_H 1
| #define HAVE_STDINT_H 1
| #define HAVE_STRINGS_H 1
| #define HAVE_SYS_STAT_H 1
| #define HAVE_SYS_TYPES_H 1
| #define HAVE_UNISTD_H 1
| #define HAVE_SYS_PARAM_H 1
| #define STDC_HEADERS 1
| /* end confdefs.h.  */
| #ifndef __APPLE_CC__
| 	       not a universal capable compiler
| 	     #endif
| 	     typedef int dummy;
| 
configure:5803: gcc -c -g -O2 -fcommon  conftest.c >&5
configure:5803: $? = 0
configure:5822: gcc -c -g -O2 -fcommon  conftest.c >&5
conftest.c: In function 'main':
conftest.c:29:18: error: unknown type name 'not'; did you mean 'ino_t'?
   29 |                  not big endian
      |                  ^~~
      |                  ino_t
conftest.c:29:26: error: expected '=', ',', ';', 'asm' or '__attribute__' before 'endian'
   29 |                  not big endian
      |                          ^~~~~~
configure:5822: $? = 1
configure: failed program was:
| /* confdefs.h */
| #define PACKAGE_NAME ""
| #define PACKAGE_TARNAME ""
| #define PACKAGE_VERSION ""
| #define PACKAGE_STRING ""
| #define PACKAGE_BUGREPORT ""
| #define PACKAGE_URL ""
| #define PACKAGE "gas"
| #define VERSION "2.17"
| #define HAVE_STDIO_H 1
| #define HAVE_STDLIB_H 1
| #define HAVE_STRING_H 1
| #define HAVE_INTTYPES_H 1
| #define HAVE_STDINT_H 1
| #define HAVE_STRINGS_H 1
| #define HAVE_SYS_STAT_H 1
| #define HAVE_SYS_TYPES_H 1
| #define HAVE_UNISTD_H 1
| #define HAVE_SYS_PARAM_H 1
| #define STDC_HEADERS 1
| /* end confdefs.h.  */
| #include <sys/types.h>
| 		#include <sys/param.h>
| 
| int
| main (void)
| {
| #if BYTE_ORDER != BIG_ENDIAN
| 		 not big endian
| 		#endif
| 
|   ;
|   return 0;
| }
configure:5956: result: no
configure:6600: checking for x86_64-unknown-linux-gnu-gcc
configure:6632: result: gcc
configure:7030: checking for C compiler version
configure:7039: gcc --version >&5
gcc (Ubuntu 13.3.0-6ubuntu2~24.04.1) 13.3.0
Copyright (C) 2023 Free Software Foundation, Inc.
This is free software; see the source for copying conditions.  There is NO
warranty; not even for MERCHANTABILITY or FITNESS FOR A PARTICULAR PURPOSE.

configure:7050: $? = 0
configure:7039: gcc -v >&5
Using built-in specs.
COLLECT_GCC=gcc
COLLECT_LTO_WRAPPER=/usr/libexec/gcc/x86_64-linux-gnu/13/lto-wrapper
OFFLOAD_TARGET_NAMES=nvptx-none:amdgcn-amdhsa
OFFLOAD_TARGET_DEFAULT=1
Target: x86_64-linux-gnu
Configured with: ../src/configure -v --with-pkgversion='Ubuntu 13.3.0-6ubuntu2~24.04.1' --with-bugurl=file:///usr/share/doc/gcc-13/README.Bugs --enable-languages=c,ada,c++,go,d,fortran,objc,obj-c++,m2 --prefix=/usr --with-gcc-major-version-only --program-suffix=-13 --program-prefix=x86_64-linux-gnu- --enable-shared --enable-linker-build-id --libexecdir=/usr/libexec --without-included-gettext --enable-threads=posix --libdir=/usr/lib --enable-nls --enable-bootstrap --enable-clocale=gnu --enable-libstdcxx-debug --enable-libstdcxx-time=yes --with-default-libstdcxx-abi=new --enable-libstdcxx-backtrace --enable-gnu-unique-object --disable-vtable-verify --enable-plugin --enable-default-pie --with-system-zlib --enable-libphobos-checking=release --with-target-system-zlib=auto --enable-objc-gc=auto --enable-multiarch --disable-werror --enable-cet --with-arch-32=i686 --with-abi=m64 --with-multilib-list=m32,m64,mx32 --enable-multilib --with-tune=generic --enable-offload-targets=nvptx-none=/build/gcc-13-EldibY/gcc-13-13.3.0/debian/tmp-nvptx/usr,amdgcn-amdhsa=/build/gcc-13-EldibY/gcc-13-13.3.0/debian/tmp-gcn/usr --enable-offload-defaulted --without-cuda-driver --enable-checking=release --build=x86_64-linux-gnu --host=x86_64-linux-gnu --target=x86_64-linux-gnu --with-build-config=bootstrap-lto-lean --enable-link-serialization=2
Thread model: posix
Supported LTO compression algorithms: zlib zstd
gcc version 13.3.0 (Ubuntu 13.3.0-6ubuntu2~24.04.1) 
... rest of stderr output deleted ...
configure:7050: $? = 0
configure:7039: gcc -V >&5
gcc: error: unrecognized command-line option '-V'
gcc: fatal error: no input files
compilation terminated.
configure:7050: $? = 1
configure:7039: gcc -qversion >&5
gcc: error: unrecognized command-line option '-qversion'; did you mean '--version'?
gcc: fatal error: no input files
compilation terminated.
configure:7050: $? = 1
configure:7039: gcc -version >&5
gcc: error: unrecognized command-line option '-version'
gcc: fatal error: no input files
compilation terminated.
configure:7050: $? = 1
configure:7054: checking whether the compiler supports GNU C
configure:7084: result: yes
configure:7095: checking whether gcc accepts -g
configure:7160: result: yes
configure:7180: checking for gcc option to enable C11 features
configure:7213: result: none needed
configure:7328: checking for bison
configure:7360: result: bison -y
configure:7376: checking for flex
configure:7408: result: flex
configure:7457: checking for lex output file root
configure:7470: flex conftest.l
configure:7474: $? = 0
configure:7482: result: lex.yy
configure:7497: checking for lex library
configure:7522: gcc -o conftest -g -O2 -fcommon   conftest.c  >&5
configure:7522: $? = 0
configure:7535: result: none needed
configure:7550: checking for library containing yywrap
configure:7580: gcc -o conftest -g -O2 -fcommon   conftest.c  >&5
/usr/bin/ld: /tmp/ccGZkBAc.o: in function `main':
/home/runner/work/binutils217/binutils217/gas/conftest.c:38:(.text.startup+0xb): undefined reference to `yywrap'
collect2: error: ld returned 1 exit status
configure:7580: $? = 1
configure: failed program was:
| /* confdefs.h */
| #define PACKAGE_NAME ""
| #define PACKAGE_TARNAME ""
| #define PACKAGE_VERSION ""
| #define PACKAGE_STRING ""
| #define PACKAGE_BUGREPORT ""
| #define PACKAGE_URL ""
| #define PACKAGE "gas"
| #define VERSION "2.17"
| #define HAVE_STDIO_H 1
| #define HAVE_STDLIB_H 1
| #define HAVE_STRING_H 1
| #define HAVE_INTTYPES_H 1
| #define HAVE_STDINT_H 1
| #define HAVE_STRINGS_H 1
| #define HAVE_SYS_STAT_H 1
| #define HAVE_SYS_TYPES_H 1
| #define HAVE_UNISTD_H 1
| #define HAVE_SYS_PARAM_H 1
| #define STDC_HEADERS 1
| #define DEFAULT_ARCH "x86_64"
| #define EMULATIONS  &i386elf,
| #define DEFAULT_EMULATION "i386elf"
| #define TARGET_ALIAS "x86_64-unknown-linux-gnu"
| #define TARGET_CANONICAL "x86_64-unknown-linux-gnu"
| #define TARGET_CPU "x86_64"
| #define TARGET_VENDOR "unknown"
| #define TARGET_OS "linux-gnu"
| /* end confdefs.h.  */
| 
| /* Override any GCC internal prototype to avoid an error.
|    Use char because int might match the return type of a GCC
|    builtin and then its argument prototype would still apply.  */
| char yywrap ();
| int
| main (void)
| {
| return yywrap ();
|   ;
|   return 0;
| }
configure:7580: gcc -o conftest -g -O2 -fcommon   conftest.c -lfl   >&5
/usr/bin/ld: cannot find -lfl: No such file or directory
collect2: error: ld returned 1 exit status
configure:7580: $? = 1
configure: failed program was:
| /* confdefs.h */
| #define PACKAGE_NAME ""
| #define PACKAGE_TARNAME ""
| #define PACKAGE_VERSION ""
| #define PACKAGE_STRING ""
| #define PACKAGE_BUGREPORT ""
| #define PACKAGE_URL ""
| #define PACKAGE "gas"
| #define VERSION "2.17"
| #define HAVE_STDIO_H 1
| #define HAVE_STDLIB_H 1
| #define HAVE_STRING_H 1
| #define HAVE_INTTYPES_H 1
| #define HAVE_STDINT_H 1
| #define HAVE_STRINGS_H 1
| #define HAVE_SYS_STAT_H 1
| #define HAVE_SYS_TYPES_H 1
| #define HAVE_UNISTD_H 1
| #define HAVE_SYS_PARAM_H 1
| #define STDC_HEADERS 1
| #define DEFAULT_ARCH "x86_64"
| #define EMULATIONS  &i386elf,
| #define DEFAULT_EMULATION "i386elf"
| #define TARGET_ALIAS "x86_64-unknown-linux-gnu"
| #define TARGET_CANONICAL "x86_64-unknown-linux-gnu"
| #define TARGET_CPU "x86_64"
| #define TARGET_VENDOR "unknown"
| #define TARGET_OS "linux-gnu"
| /* end confdefs.h.  */
| 
| /* Override any GCC internal prototype to avoid an error.
|    Use char because int might match the return type of a GCC
|    builtin and then its argument prototype would still apply.  */
| char yywrap ();
| int
| main (void)
| {
| return yywrap ();
|   ;
|   return 0;
| }
configure:7580: gcc -o conftest -g -O2 -fcommon   conftest.c -ll   >&5
/usr/bin/ld: cannot find -ll: No such file or directory
collect2: error: ld returned 1 exit status
configure:7580: $? = 1
configure: failed program was:
| /* confdefs.h */
| #define PACKAGE_NAME ""
| #define PACKAGE_TARNAME ""
| #define PACKAGE_VERSION ""
| #define PACKAGE_STRING ""
| #define PACKAGE_BUGREPORT ""
| #define PACKAGE_URL ""
| #define PACKAGE "gas"
| #define VERSION "2.17"
| #define HAVE_STDIO_H 1
| #define HAVE_STDLIB_H 1
| #define HAVE_STRING_H 1
| #define HAVE_INTTYPES_H 1
| #define HAVE_STDINT_H 1
| #define HAVE_STRINGS_H 1
| #define HAVE_SYS_STAT_H 1
| #define HAVE_SYS_TYPES_H 1
| #define HAVE_UNISTD_H 1
| #define HAVE_SYS_PARAM_H 1
| #define STDC_HEADERS 1
| #define DEFAULT_ARCH "x86_64"
| #define EMULATIONS  &i386elf,
| #define DEFAULT_EMULATION "i386elf"
| #define TARGET_ALIAS "x86_64-unknown-linux-gnu"
| #define TARGET_CANONICAL "x86_64-unknown-linux-gnu"
| #define TARGET_CPU "x86_64"
| #define TARGET_VENDOR "unknown"
| #define TARGET_OS "linux-gnu"
| /* end confdefs.h.  */
| 
| /* Override any GCC internal prototype to avoid an error.
|    Use char because int might match the return type of a GCC
|    builtin and then its argument prototype would still apply.  */
| char yywrap ();
| int
| main (void)
| {
| return yywrap ();
|   ;
|   return 0;
| }
configure:7600: result: no
configure:7616: checking whether yytext is a pointer
configure:7632: gcc -c -g -O2 -fcommon  conftest.c >&5
configure:7632: $? = 0
configure:7639: result: yes
configure:7659: checking for x86_64-unknown-linux-gnu-ranlib
configure:7691: result: ranlib
configure:7758: checking for grep that handles long lines and -e
configure:7822: result: /usr/bin/grep
configure:7830: checking for egrep
configure:7898: result: /usr/bin/grep -E
configure:7904: checking for an ANSI C-conforming const
configure:7971: gcc -c -g -O2 -fcommon  conftest.c >&5
configure:7971: $? = 0
configure:7979: result: yes
configure:7987: checking for inline
configure:8004: gcc -c -g -O2 -fcommon  conftest.c >&5
configure:8004: $? = 0
configure:8013: result: inline
configure:8031: checking for off_t
configure:8031: gcc -c -g -O2 -fcommon  conftest.c >&5
configure:8031: $? = 0
configure:8031: gcc -c -g -O2 -fcommon  conftest.c >&5
conftest.c: In function 'main':
conftest.c:62:20: error: expected expression before ')' token
   62 | if (sizeof ((off_t)))
      |                    ^
configure:8031: $? = 1
configure: failed program was:
| /* confdefs.h */
| #define PACKAGE_NAME ""
| #define PACKAGE_TARNAME ""
| #define PACKAGE_VERSION ""
| #define PACKAGE_STRING ""
| #define PACKAGE_BUGREPORT ""
| #define PACKAGE_URL ""
| #define PACKAGE "gas"
| #define VERSION "2.17"
| #define HAVE_STDIO_H 1
| #define HAVE_STDLIB_H 1
| #define HAVE_STRING_H 1
| #define HAVE_INTTYPES_H 1
| #define HAVE_STDINT_H 1
| #define HAVE_STRINGS_H 1
| #define HAVE_SYS_STAT_H 1
| #define HAVE_SYS_TYPES_H 1
| #define HAVE_UNISTD_H 1
| #define HAVE_SYS_PARAM_H 1
| #define STDC_HEADERS 1
| #define DEFAULT_ARCH "x86_64"
| #define EMULATIONS  &i386elf,
| #define DEFAULT_EMULATION "i386elf"
| #define TARGET_ALIAS "x86_64-unknown-linux-gnu"
| #define TARGET_CANONICAL "x86_64-unknown-linux-gnu"
| #define TARGET_CPU "x86_64"
| #define TARGET_VENDOR "unknown"
| #define TARGET_OS "linux-gnu"
| #define YYTEXT_POINTER 1
| /* end confdefs.h.  */
| #include <stddef.h>
| #ifdef HAVE_STDIO_H
| # include <stdio.h>
| #endif
| #ifdef HAVE_STDLIB_H
| # include <stdlib.h>
| #endif
| #ifdef HAVE_STRING_H
| # include <string.h>
| #endif
| #ifdef HAVE_INTTYPES_H
| # include <inttypes.h>
| #endif
| #ifdef HAVE_STDINT_H
| # include <stdint.h>
| #endif
| #ifdef HAVE_STRINGS_H
| # include <strings.h>
| #endif
| #ifdef HAVE_SYS_TYPES_H
| # include <sys/types.h>
| #endif
| #ifdef HAVE_SYS_STAT_H
| # include <sys/stat.h>
| #endif
| #ifdef HAVE_UNISTD_H
| # include <unistd.h>
| #endif
| int
| main (void)
| {
| if (sizeof ((off_t)))
| 	    return 0;
|   ;
|   return 0;
| }
configure:8031: result: yes
configure:8041: checking for size_t
configure:8041: gcc -c -g -O2 -fcommon  conftest.c >&5
configure:8041: $? = 0
configure:8041: gcc -c -g -O2 -fcommon  conftest.c >&5
conftest.c: In function 'main':
conftest.c:62:21: error: expected expression before ')' token
   62 | if (sizeof ((size_t)))
      |                     ^
configure:8041: $? = 1
configure: failed program was:
| /* confdefs.h */
| #define PACKAGE_NAME ""
| #define PACKAGE_TARNAME ""
| #define PACKAGE_VERSION ""
| #define PACKAGE_STRING ""
| #define PACKAGE_BUGREPORT ""
| #define PACKAGE_URL ""
| #define PACKAGE "gas"
| #define VERSION "2.17"
| #define HAVE_STDIO_H 1
| #define HAVE_STDLIB_H 1
| #define HAVE_STRING_H 1
| #define HAVE_INTTYPES_H 1
| #define HAVE_STDINT_H 1
| #define HAVE_STRINGS_H 1
| #define HAVE_SYS_STAT_H 1
| #define HAVE_SYS_TYPES_H 1
| #define HAVE_UNISTD_H 1
| #define HAVE_SYS_PARAM_H 1
| #define STDC_HEADERS 1
| #define DEFAULT_ARCH "x86_64"
| #define EMULATIONS  &i386elf,
| #define DEFAULT_EMULATION "i386elf"
| #define TARGET_ALIAS "x86_64-unknown-linux-gnu"
| #define TARGET_CANONICAL "x86_64-unknown-linux-gnu"
| #define TARGET_CPU "x86_64"
| #define TARGET_VENDOR "unknown"
| #define TARGET_OS "linux-gnu"
| #define YYTEXT_POINTER 1
| /* end confdefs.h.  */
| #include <stddef.h>
| #ifdef HAVE_STDIO_H
| # include <stdio.h>
| #endif
| #ifdef HAVE_STDLIB_H
| # include <stdlib.h>
| #endif
| #ifdef HAVE_STRING_H
| # include <string.h>
| #endif
| #ifdef HAVE_INTTYPES_H
| # include <inttypes.h>
| #endif
| #ifdef HAVE_STDINT_H
| # include <stdint.h>
| #endif
| #ifdef HAVE_STRINGS_H
| # include <strings.h>
| #endif
| #ifdef HAVE_SYS_TYPES_H
| # include <sys/types.h>
| #endif
| #ifdef HAVE_SYS_STAT_H
| # include <sys/stat.h>
| #endif
| #ifdef HAVE_UNISTD_H
| # include <unistd.h>
| #endif
| int
| main (void)
| {
| if (sizeof ((size_t)))
| 	    return 0;
|   ;
|   return 0;
| }
configure:8041: result: yes
configure:8053: checking for working alloca.h
configure:8071: gcc -o conftest -g -O2 -fcommon   conftest.c  >&5
configure:8071: $? = 0
configure:8080: result: yes
configure:8088: checking for alloca
configure:8133: result: yes
configure:8205: checking for getpagesize
configure:8205: gcc -o conftest -g -O2 -fcommon   conftest.c  >&5
configure:8205: $? = 0
configure:8205: result: yes
configure:8216: checking for working mmap
configure:8368: gcc -o conftest -g -O2 -fcommon   conftest.c  >&5
configure:8368: $? = 0
configure:8368: ./conftest
configure:8368: $? = 0
configure:8379: result: yes
configure:8389: checking for argz.h
configure:8389: gcc -c -g -O2 -fcommon  conftest.c >&5
configure:8389: $? = 0
configure:8389: result: yes
configure:8395: checking for limits.h
configure:8395: gcc -c -g -O2 -fcommon  conftest.c >&5
configure:8395: $? = 0
configure:8395: result: yes
configure:8401: checking for locale.h
configure:8401: gcc -c -g -O2 -fcommon  conftest.c >&5
configure:8401: $? = 0
configure:8401: result: yes
configure:8407: checking for nl_types.h
configure:8407: gcc -c -g -O2 -fcommon  conftest.c >&5
configure:8407: $? = 0
configure:8407: result: yes
configure:8413: checking for malloc.h
configure:8413: gcc -c -g -O2 -fcommon  conftest.c >&5
configure:8413: $? = 0
configure:8413: result: yes
configure:8419: checking for string.h
configure:8419: result: yes
configure:8425: checking for unistd.h
configure:8425: result: yes
configure:8431: checking for values.h
configure:8431: gcc -c -g -O2 -fcommon  conftest.c >&5
configure:8431: $? = 0
configure:8431: result: yes
configure:8437: checking for sys/param.h
configure:8437: result: yes
configure:8444: checking for getcwd
configure:8444: gcc -o conftest -g -O2 -fcommon   conftest.c  >&5
configure:8444: $? = 0
configure:8444: result: yes
configure:8450: checking for munmap
configure:8450: gcc -o conftest -g -O2 -fcommon   conftest.c  >&5
configure:8450: $? = 0
configure:8450: result: yes
configure:8456: checking for putenv
configure:8456: gcc -o conftest -g -O2 -fcommon   conftest.c  >&5
configure:8456: $? = 0
configure:8456: result: yes
configure:8462: checking for setenv
configure:8462: gcc -o conftest -g -O2 -fcommon   conftest.c  >&5
configure:8462: $? = 0
configure:8462: result: yes
configure:8468: checking for setlocale
configure:8468: gcc -o conftest -g -O2 -fcommon   conftest.c  >&5
configure:8468: $? = 0
configure:8468: result: yes
configure:8474: checking for strchr
configure:8474: gcc -o conftest -g -O2 -fcommon   conftest.c  >&5
conftest.c:65:6: warning: conflicting types for built-in function 'strchr'; expected 'char *(const char *, int)' [-Wbuiltin-declaration-mismatch]
   65 | char strchr ();
      |      ^~~~~~
conftest.c:57:1: note: 'strchr' is declared in header '<string.h>'
   56 | #include <limits.h>
   57 | #undef strchr
configure:8474: $? = 0
configure:8474: result: yes
configure:8480: checking for strcasecmp
configure:8480: gcc -o conftest -g -O2 -fcommon   conftest.c  >&5
conftest.c:66:6: warning: conflicting types for built-in function 'strcasecmp'; expected 'int(const char *, const char *)' [-Wbuiltin-declaration-mismatch]
   66 | char strcasecmp ();
      |      ^~~~~~~~~~
configure:8480: $? = 0
configure:8480: result: yes
configure:8486: checking for __argz_count
configure:8486: gcc -o conftest -g -O2 -fcommon   conftest.c  >&5
configure:8486: $? = 0
configure:8486: result: yes
configure:8492: checking for __argz_stringify
configure:8492: gcc -o conftest -g -O2 -fcommon   conftest.c  >&5
configure:8492: $? = 0
configure:8492: result: yes
configure:8498: checking for __argz_next
configure:8498: gcc -o conftest -g -O2 -fcommon   conftest.c  >&5
configure:8498: $? = 0
configure:8498: result: yes
configure:8507: checking for stpcpy
configure:8507: gcc -o conftest -g -O2 -fcommon   conftest.c  >&5
conftest.c:70:6: warning: conflicting types for built-in function 'stpcpy'; expected 'char *(char *, const char *)' [-Wbuiltin-declaration-mismatch]
   70 | char stpcpy ();
      |      ^~~~~~
configure:8507: $? = 0
configure:8507: result: yes
configure:8522: checking for LC_MESSAGES
configure:8539: gcc -o conftest -g -O2 -fcommon   conftest.c  >&5
configure:8539: $? = 0
configure:8548: result: yes
configure:8556: checking whether NLS is requested
configure:8566: result: yes
configure:8573: checking whether included gettext is requested
configure:8584: result: no
configure:8593: checking for libintl.h
configure:8593: gcc -c -g -O2 -fcommon  conftest.c >&5
configure:8593: $? = 0
configure:8593: result: yes
configure:8596: checking for gettext in libc
configure:8613: gcc -o conftest -g -O2 -fcommon   conftest.c  >&5
conftest.c: In function 'main':
conftest.c:61:8: warning: cast from pointer to integer of different size [-Wpointer-to-int-cast]
   61 | return (int) gettext ("")
      |        ^
configure:8613: $? = 0
configure:8622: result: yes
configure:8702: checking for msgfmt
configure:8730: result: no
configure:8868: checking for msgfmt
configure:8896: result: no
configure:8905: checking for gmsgfmt
configure:8941: result: no
configure:8951: checking for xgettext
configure:8979: result: :
configure:9050: checking for catalogs to be installed
configure:9059: result:  fr tr es rw
configure:9126: checking whether to enable maintainer-specific portions of Makefiles
configure:9136: result: no
configure:9153: checking for string.h
configure:9153: result: yes
configure:9159: checking for stdlib.h
configure:9159: result: yes
configure:9165: checking for memory.h
configure:9165: gcc -c -g -O2 -fcommon  conftest.c >&5
configure:9165: $? = 0
configure:9165: result: yes
configure:9171: checking for strings.h
configure:9171: result: yes
configure:9177: checking for unistd.h
configure:9177: result: yes
configure:9183: checking for stdarg.h
configure:9183: gcc -c -g -O2 -fcommon  conftest.c >&5
configure:9183: $? = 0
configure:9183: result: yes
configure:9189: checking for varargs.h
configure:9189: gcc -c -g -O2 -fcommon  conftest.c >&5
In file included from conftest.c:93:
/usr/lib/gcc/x86_64-linux-gnu/13/include/varargs.h:4:2: error: #error "GCC no longer implements <varargs.h>."
    4 | #error "GCC no longer implements <varargs.h>."
      |  ^~~~~
/usr/lib/gcc/x86_64-linux-gnu/13/include/varargs.h:5:2: error: #error "Revise your code to use <stdarg.h>."
    5 | #error "Revise your code to use <stdarg.h>."
      |  ^~~~~
configure:9189: $? = 1
configure: failed program was:
| /* confdefs.h */
| #define PACKAGE_NAME ""
| #define PACKAGE_TARNAME ""
| #define PACKAGE_VERSION ""
| #define PACKAGE_STRING ""
| #define PACKAGE_BUGREPORT ""
| #define PACKAGE_URL ""
| #define PACKAGE "gas"
| #define VERSION "2.17"
| #define HAVE_STDIO_H 1
| #define HAVE_STDLIB_H 1
| #define HAVE_STRING_H 1
| #define HAVE_INTTYPES_H 1
| #define HAVE_STDINT_H 1
| #define HAVE_STRINGS_H 1
| #define HAVE_SYS_STAT_H 1
| #define HAVE_SYS_TYPES_H 1
| #define HAVE_UNISTD_H 1
| #define HAVE_SYS_PARAM_H 1
| #define STDC_HEADERS 1
| #define DEFAULT_ARCH "x86_64"
| #define EMULATIONS  &i386elf,
| #define DEFAULT_EMULATION "i386elf"
| #define TARGET_ALIAS "x86_64-unknown-linux-gnu"
| #define TARGET_CANONICAL "x86_64-unknown-linux-gnu"
| #define TARGET_CPU "x86_64"
| #define TARGET_VENDOR "unknown"
| #define TARGET_OS "linux-gnu"
| #define YYTEXT_POINTER 1
| #define HAVE_ALLOCA_H 1
| #define HAVE_ALLOCA 1
| #define HAVE_GETPAGESIZE 1
| #define HAVE_MMAP 1
| #define HAVE_ARGZ_H 1
| #define HAVE_LIMITS_H 1
| #define HAVE_LOCALE_H 1
| #define HAVE_NL_TYPES_H 1
| #define HAVE_MALLOC_H 1
| #define HAVE_STRING_H 1
| #define HAVE_UNISTD_H 1
| #define HAVE_VALUES_H 1
| #define HAVE_SYS_PARAM_H 1
| #define HAVE_GETCWD 1
| #define HAVE_MUNMAP 1
| #define HAVE_PUTENV 1
| #define HAVE_SETENV 1
| #define HAVE_SETLOCALE 1
| #define HAVE_STRCHR 1
| #define HAVE_STRCASECMP 1
| #define HAVE___ARGZ_COUNT 1
| #define HAVE___ARGZ_STRINGIFY 1
| #define HAVE___ARGZ_NEXT 1
| #define HAVE_STPCPY 1
| #define HAVE_STPCPY 1
| #define HAVE_LC_MESSAGES 1
| #define HAVE_GETTEXT 1
| #define ENABLE_NLS 1
| #define HAVE_STRING_H 1
| #define HAVE_STDLIB_H 1
| #define HAVE_MEMORY_H 1
| #define HAVE_STRINGS_H 1
| #define HAVE_UNISTD_H 1
| #define HAVE_STDARG_H 1
| /* end confdefs.h.  */
| #include <stddef.h>
| #ifdef HAVE_STDIO_H
| # include <stdio.h>
| #endif
| #ifdef HAVE_STDLIB_H
| # include <stdlib.h>
| #endif
| #ifdef HAVE_STRING_H
| # include <string.h>
| #endif
| #ifdef HAVE_INTTYPES_H
| # include <inttypes.h>
| #endif
| #ifdef HAVE_STDINT_H
| # include <stdint.h>
| #endif
| #ifdef HAVE_STRINGS_H
| # include <strings.h>
| #endif
| #ifdef HAVE_SYS_TYPES_H
| # include <sys/types.h>
| #endif
| #ifdef HAVE_SYS_STAT_H
| # include <sys/stat.h>
| #endif
| #ifdef HAVE_UNISTD_H
| # include <unistd.h>
| #endif
| #include <varargs.h>
configure:9189: result: no
configure:9195: checking for errno.h
configure:9195: gcc -c -g -O2 -fcommon  conftest.c >&5
configure:9195: $? = 0
configure:9195: result: yes
configure:9201: checking for sys/types.h
configure:9201: result: yes
configure:9211: checking whether compiling a cross-assembler
configure:9221: result: no
configure:9226: checking for working alloca.h
configure:9253: result: yes
configure:9261: checking for alloca
configure:9373: checking for inline
configure:9399: result: inline
configure:9423: checking for unlink
configure:9423: gcc -o conftest -g -O2 -fcommon   conftest.c  >&5
configure:9423: $? = 0
configure:9423: result: yes
configure:9435: checking for sbrk
configure:9435: gcc -o conftest -g -O2 -fcommon   conftest.c  >&5
configure:9435: $? = 0
configure:9435: result: yes
configure:9579: checking for working assert macro
configure:9605: gcc -o conftest -g -O2 -fcommon   conftest.c  >&5
In file included from conftest.c:71:
conftest.c: In function 'main':
conftest.c:80:10: warning: implicit declaration of function 'strcmp' [-Wimplicit-function-declaration]
   80 | assert (!strcmp(s, "foo bar baz quux"));
      |          ^~~~~~
conftest.c:73:1: note: include '<string.h>' or provide a declaration of 'strcmp'
   72 | #include <stdio.h>
   73 | int
conftest.c:80:10: warning: argument 1 null where non-null expected [-Wnonnull]
   80 | assert (!strcmp(s, "foo bar baz quux"));
      |          ^~~~~~~~~~~~~~~~~~~~~~~~~~~~~
conftest.c:80:10: note: in a call to built-in function 'strcmp'
configure:9605: $? = 0
configure:9614: result: yes
configure:9646: checking whether declaration is required for errno
configure:9671: gcc -o conftest -g -O2 -fcommon   conftest.c  >&5
configure:9671: $? = 0
configure:9680: result: no
configure:9689: checking for a known getopt prototype in unistd.h
configure:9706: gcc -c -g -O2 -fcommon  conftest.c >&5
configure:9706: $? = 0
configure:9715: result: yes
configure:9724: checking whether declaration is required for environ
configure:9745: gcc -o conftest -g -O2 -fcommon   conftest.c  >&5
conftest.c: In function 'main':
conftest.c:96:9: error: 'environ' undeclared (first use in this function)
   96 | x = (f) environ;
      |         ^~~~~~~
conftest.c:96:9: note: each undeclared identifier is reported only once for each function it appears in
configure:9745: $? = 1
configure: failed program was:
| /* confdefs.h */
| #define PACKAGE_NAME ""
| #define PACKAGE_TARNAME ""
| #define PACKAGE_VERSION ""
| #define PACKAGE_STRING ""
| #define PACKAGE_BUGREPORT ""
| #define PACKAGE_URL ""
| #define PACKAGE "gas"
| #define VERSION "2.17"
| #define HAVE_STDIO_H 1
| #define HAVE_STDLIB_H 1
| #define HAVE_STRING_H 1
| #define HAVE_INTTYPES_H 1
| #define HAVE_STDINT_H 1
| #define HAVE_STRINGS_H 1
| #define HAVE_SYS_STAT_H 1
| #define HAVE_SYS_TYPES_H 1
| #define HAVE_UNISTD_H 1
| #define HAVE_SYS_PARAM_H 1
| #define STDC_HEADERS 1
| #define DEFAULT_ARCH "x86_64"
| #define EMULATIONS  &i386elf,
| #define DEFAULT_EMULATION "i386elf"
| #define TARGET_ALIAS "x86_64-unknown-linux-gnu"
| #define TARGET_CANONICAL "x86_64-unknown-linux-gnu"
| #define TARGET_CPU "x86_64"
| #define TARGET_VENDOR "unknown"
| #define TARGET_OS "linux-gnu"
| #define YYTEXT_POINTER 1
| #define HAVE_ALLOCA_H 1
| #define HAVE_ALLOCA 1
| #define HAVE_GETPAGESIZE 1
| #define HAVE_MMAP 1
| #define HAVE_ARGZ_H 1
| #define HAVE_LIMITS_H 1
| #define HAVE_LOCALE_H 1
| #define HAVE_NL_TYPES_H 1
| #define HAVE_MALLOC_H 1
| #define HAVE_STRING_H 1
| #define HAVE_UNISTD_H 1
| #define HAVE_VALUES_H 1
| #define HAVE_SYS_PARAM_H 1
| #define HAVE_GETCWD 1
| #define HAVE_MUNMAP 1
| #define HAVE_PUTENV 1
| #define HAVE_SETENV 1
| #define HAVE_SETLOCALE 1
| #define HAVE_STRCHR 1
| #define HAVE_STRCASECMP 1
| #define HAVE___ARGZ_COUNT 1
| #define HAVE___ARGZ_STRINGIFY 1
| #define HAVE___ARGZ_NEXT 1
| #define HAVE_STPCPY 1
| #define HAVE_STPCPY 1
| #define HAVE_LC_MESSAGES 1
| #define HAVE_GETTEXT 1
| #define ENABLE_NLS 1
| #define HAVE_STRING_H 1
| #define HAVE_STDLIB_H 1
| #define HAVE_MEMORY_H 1
| #define HAVE_STRINGS_H 1
| #define HAVE_UNISTD_H 1
| #define HAVE_STDARG_H 1
| #define HAVE_ERRNO_H 1
| #define HAVE_SYS_TYPES_H 1
| #define HAVE_ALLOCA_H 1
| #define HAVE_ALLOCA 1
| #define HAVE_UNLINK 1
| #define HAVE_SBRK 1
| #define HAVE_DECL_GETOPT 1
| /* end confdefs.h.  */
| 
| #ifdef HAVE_MEMORY_H
| #include <memory.h>
| #endif
| #ifdef HAVE_STRING_H
| #include <string.h>
| #else
| #ifdef HAVE_STRINGS_H
| #include <strings.h>
| #endif
| #endif
| #ifdef HAVE_STDLIB_H
| #include <stdlib.h>
| #endif
| #ifdef HAVE_UNISTD_H
| #include <unistd.h>
| #endif
| 
| int
| main (void)
| {
| 
| typedef char **f;
| f x;
| x = (f) environ;
| 
|   ;
|   return 0;
| }
configure:9754: result: yes
configure:9763: checking whether declaration is required for ffs
configure:9784: gcc -o conftest -g -O2 -fcommon   conftest.c  >&5
configure:9784: $? = 0
configure:9793: result: no
configure:9802: checking whether declaration is required for free
configure:9823: gcc -o conftest -g -O2 -fcommon   conftest.c  >&5
configure:9823: $? = 0
configure:9832: result: no
configure:9841: checking whether declaration is required for malloc
configure:9862: gcc -o conftest -g -O2 -fcommon   conftest.c  >&5
configure:9862: $? = 0
configure:9871: result: no
configure:9880: checking whether declaration is required for sbrk
configure:9901: gcc -o conftest -g -O2 -fcommon   conftest.c  >&5
configure:9901: $? = 0
configure:9910: result: no
configure:9919: checking whether declaration is required for strstr
configure:9940: gcc -o conftest -g -O2 -fcommon   conftest.c  >&5
configure:9940: $? = 0
configure:9949: result: no
configure:9958: checking for gcc options needed to detect all undeclared functions
configure:9980: gcc -c -g -O2 -fcommon   conftest.c >&5
conftest.c: In function 'main':
conftest.c:77:8: error: 'strchr' undeclared (first use in this function)
   77 | (void) strchr;
      |        ^~~~~~
conftest.c:1:1: note: 'strchr' is defined in header '<string.h>'; did you forget to '#include <string.h>'?
    1 | /* confdefs.h */
conftest.c:77:8: note: each undeclared identifier is reported only once for each function it appears in
   77 | (void) strchr;
      |        ^~~~~~
configure:9980: $? = 1
configure: failed program was:
| /* confdefs.h */
| #define PACKAGE_NAME ""
| #define PACKAGE_TARNAME ""
| #define PACKAGE_VERSION ""
| #define PACKAGE_STRING ""
| #define PACKAGE_BUGREPORT ""
| #define PACKAGE_URL ""
| #define PACKAGE "gas"
| #define VERSION "2.17"
| #define HAVE_STDIO_H 1
| #define HAVE_STDLIB_H 1
| #define HAVE_STRING_H 1
| #define HAVE_INTTYPES_H 1
| #define HAVE_STDINT_H 1
| #define HAVE_STRINGS_H 1
| #define HAVE_SYS_STAT_H 1
| #define HAVE_SYS_TYPES_H 1
| #define HAVE_UNISTD_H 1
| #define HAVE_SYS_PARAM_H 1
| #define STDC_HEADERS 1
| #define DEFAULT_ARCH "x86_64"
| #define EMULATIONS  &i386elf,
| #define DEFAULT_EMULATION "i386elf"
| #define TARGET_ALIAS "x86_64-unknown-linux-gnu"
| #define TARGET_CANONICAL "x86_64-unknown-linux-gnu"
| #define TARGET_CPU "x86_64"
| #define TARGET_VENDOR "unknown"
| #define TARGET_OS "linux-gnu"
| #define YYTEXT_POINTER 1
| #define HAVE_ALLOCA_H 1
| #define HAVE_ALLOCA 1
| #define HAVE_GETPAGESIZE 1
| #define HAVE_MMAP 1
| #define HAVE_ARGZ_H 1
| #define HAVE_LIMITS_H 1
| #define HAVE_LOCALE_H 1
| #define HAVE_NL_TYPES_H 1
| #define HAVE_MALLOC_H 1
| #define HAVE_STRING_H 1
| #define HAVE_UNISTD_H 1
| #define HAVE_VALUES_H 1
| #define HAVE_SYS_PARAM_H 1
| #define HAVE_GETCWD 1
| #define HAVE_MUNMAP 1
| #define HAVE_PUTENV 1
| #define HAVE_SETENV 1
| #define HAVE_SETLOCALE 1
| #define HAVE_STRCHR 1
| #define HAVE_STRCASECMP 1
| #define HAVE___ARGZ_COUNT 1
| #define HAVE___ARGZ_STRINGIFY 1
| #define HAVE___ARGZ_NEXT 1
| #define HAVE_STPCPY 1
| #define HAVE_STPCPY 1
| #define HAVE_LC_MESSAGES 1
| #define HAVE_GETTEXT 1
| #define ENABLE_NLS 1
| #define HAVE_STRING_H 1
| #define HAVE_STDLIB_H 1
| #define HAVE_MEMORY_H 1
| #define HAVE_STRINGS_H 1
| #define HAVE_UNISTD_H 1
| #define HAVE_STDARG_H 1
| #define HAVE_ERRNO_H 1
| #define HAVE_SYS_TYPES_H 1
| #define HAVE_ALLOCA_H 1
| #define HAVE_ALLOCA 1
| #define HAVE_UNLINK 1
| #define HAVE_SBRK 1
| #define HAVE_DECL_GETOPT 1
| #define NEED_DECLARATION_ENVIRON 1
| /* end confdefs.h.  */
| 
| int
| main (void)
| {
| (void) strchr;
|   ;
|   return 0;
| }
configure:10007: gcc -c -g -O2 -fcommon   conftest.c >&5
configure:10007: $? = 0
configure:10024: result: none needed
configure:10038: checking whether vsnprintf is declared
configure:10038: gcc -c -g -O2 -fcommon   conftest.c >&5
configure:10038: $? = 0
configure:10038: result: yes
configure:10124: updating cache ./config.cache
configure:10186: creating ./config.status

## ---------------------- ##
## Running config.status. ##
## ---------------------- ##

This file was extended by config.status, which was
generated by GNU Autoconf 2.71.  Invocation command line was

  CONFIG_FILES    = 
  CONFIG_HEADERS  = 
  CONFIG_LINKS    = 
  CONFIG_COMMANDS = 
  $ ./config.status 

on runnervm46oaq

config.status:11140: creating .gdbinit
config.status:11140: creating Makefile
config.status:11140: creating doc/Makefile
config.status:11140: creating po/Makefile.in
config.status:11140: creating config.h
config.status:11360: executing depfiles commands
config.status:11360: executing default commands
configure:11494: WARNING: unrecognized options: --with-gnu-as

## ---------------- ##
## Cache variables. ##
## ---------------- ##

ac_cv_archive_cmds_needs_lc='no'
ac_cv_build='x86_64-unknown-linux-gnu'
ac_cv_c_bigendian='no'
ac_cv_c_compiler_gnu='yes'
ac_cv_c_const='yes'
ac_cv_c_inline='inline'
ac_cv_c_undeclared_builtin_options='none needed'
ac_cv_env_CC_set='set'
ac_cv_env_CC_value='gcc'
ac_cv_env_CFLAGS_set='set'
ac_cv_env_CFLAGS_value='-g -O2 -fcommon'
ac_cv_env_CPPFLAGS_set=''
ac_cv_env_CPPFLAGS_value=''
ac_cv_env_LDFLAGS_set='set'
ac_cv_env_LDFLAGS_value=''
ac_cv_env_LIBS_set=''
ac_cv_env_LIBS_value=''
ac_cv_env_YACC_set='set'
ac_cv_env_YACC_value='bison -y'
ac_cv_env_YFLAGS_set=''
ac_cv_env_YFLAGS_value=''
ac_cv_env_build_alias_set='set'
ac_cv_env_build_alias_value='x86_64-unknown-linux-gnu'
ac_cv_env_host_alias_set='set'
ac_cv_env_host_alias_value='x86_64-unknown-linux-gnu'
ac_cv_env_target_alias_set='set'
ac_cv_env_target_alias_value='x86_64-unknown-linux-gnu'
ac_cv_func___argz_count='yes'
ac_cv_func___argz_next='yes'
ac_cv_func___argz_stringify='yes'
ac_cv_func_alloca_works='yes'
ac_cv_func_getcwd='yes'
ac_cv_func_getpagesize='yes'
ac_cv_func_mmap_fixed_mapped='yes'
ac_cv_func_munmap='yes'
ac_cv_func_putenv='yes'
ac_cv_func_sbrk='yes'
ac_cv_func_setenv='yes'
ac_cv_func_setlocale='yes'
ac_cv_func_stpcpy='yes'
ac_cv_func_strcasecmp='yes'
ac_cv_func_strchr='yes'
ac_cv_func_unlink='yes'
ac_cv_have_decl_vsnprintf='yes'
ac_cv_header_argz_h='yes'
ac_cv_header_errno_h='yes'
ac_cv_header_inttypes_h='yes'
ac_cv_header_libintl_h='yes'
ac_cv_header_limits_h='yes'
ac_cv_header_locale_h='yes'
ac_cv_header_malloc_h='yes'
ac_cv_header_memory_h='yes'
ac_cv_header_nl_types_h='yes'
ac_cv_header_stdarg_h='yes'
ac_cv_header_stdint_h='yes'
ac_cv_header_stdio_h='yes'
ac_cv_header_stdlib_h='yes'
ac_cv_header_string_h='yes'
ac_cv_header_strings_h='yes'
ac_cv_header_sys_param_h='yes'
ac_cv_header_sys_stat_h='yes'
ac_cv_header_sys_types_h='yes'
ac_cv_header_unistd_h='yes'
ac_cv_header_values_h='yes'
ac_cv_header_varargs_h='no'
ac_cv_host='x86_64-unknown-linux-gnu'
ac_cv_lib_lex='none needed'
ac_cv_objext='o'
ac_cv_path_EGREP='/usr/bin/grep -E'
ac_cv_path_GMSGFMT='no'
ac_cv_path_GREP='/usr/bin/grep'
ac_cv_path_MSGFMT='no'
ac_cv_path_XGETTEXT=':'
ac_cv_prog_AWK='gawk'
ac_cv_prog_CC='gcc'
ac_cv_prog_LEX='flex'
ac_cv_prog_RANLIB='ranlib'
ac_cv_prog_YACC='bison -y'
ac_cv_prog_ac_ct_STRIP='strip'
ac_cv_prog_cc_c11=''
ac_cv_prog_cc_can_build_shared='yes'
ac_cv_prog_cc_g='yes'
ac_cv_prog_cc_no_builtin=''
ac_cv_prog_cc_pic=' -fPIC -DPIC'
ac_cv_prog_cc_pic_works='yes'
ac_cv_prog_cc_shlib=''
ac_cv_prog_cc_static='-static'
ac_cv_prog_cc_static_works='yes'
ac_cv_prog_cc_stdc=''
ac_cv_prog_cc_wl='-Wl,'
ac_cv_prog_lex_root='lex.yy'
ac_cv_prog_lex_yytext_pointer='yes'
ac_cv_prog_make_make_set='yes'
ac_cv_search_strerror='none required'
ac_cv_search_yywrap='no'
ac_cv_target='x86_64-unknown-linux-gnu'
ac_cv_type_off_t='yes'
ac_cv_type_size_t='yes'
ac_cv_working_alloca_h='yes'
am_cv_CC_dependencies_compiler_type='none'
am_cv_val_LC_MESSAGES='yes'
gas_cv_assert_ok='yes'
gas_cv_decl_getopt_unistd_h='yes'
gas_cv_decl_needed_environ='yes'
gas_cv_decl_needed_errno='no'
gas_cv_decl_needed_ffs='no'
gas_cv_decl_needed_free='no'
gas_cv_decl_needed_malloc='no'
gas_cv_decl_needed_sbrk='no'
gas_cv_decl_needed_strstr='no'
gt_cv_func_gettext_libc='yes'
lt_cv_compiler_c_o='yes'
lt_cv_deplibs_check_method='pass_all'
lt_cv_file_magic_cmd='$MAGIC_CMD'
lt_cv_file_magic_test_file=''
lt_cv_ld_reload_flag='-r'
lt_cv_path_LD='ld'
lt_cv_path_NM='nm'
lt_cv_prog_gnu_ld='yes'
lt_cv_sys_max_cmd_len='49153'
nls_cv_force_use_gnu_gettext='no'
nls_cv_header_intl='libintl.h'
nls_cv_header_libgt='libgettext.h'
nls_cv_use_gnu_gettext='yes'

## ----------------- ##
## Output variables. ##
## ----------------- ##

ACLOCAL='${SHELL} /home/runner/work/binutils217/binutils217/missing --run aclocal-1.9'
ALLOCA=''
ALL_OBJ_DEPS=' ../bfd/bfd.h $(INCDIR)/symcat.h'
AMDEPBACKSLASH='\'
AMDEP_FALSE='#'
AMDEP_TRUE=''
AMTAR='${SHELL} /home/runner/work/binutils217/binutils217/missing --run tar'
AUTOCONF='${SHELL} /home/runner/work/binutils217/binutils217/missing --run autoconf'
AUTOHEADER='${SHELL} /home/runner/work/binutils217/binutils217/missing --run autoheader'
AUTOMAKE='${SHELL} /home/runner/work/binutils217/binutils217/missing --run automake-1.9'
AWK='gawk'
BFDLIB='../bfd/libbfd.la'
BFDVER_H='../bfd/bfdver.h'
CATALOGS=' fr.gmo tr.gmo es.gmo rw.gmo'
CATOBJEXT='.gmo'
CC='gcc'
CCDEPMODE='depmode=none'
CFLAGS='-g -O2 -fcommon'
CPPFLAGS=''
CYGPATH_W='echo'
DATADIRNAME='share'
DEFS='-DHAVE_CONFIG_H'
DEPDIR='.deps'
ECHO_C=''
ECHO_N='-n'
ECHO_T=''
EGREP='/usr/bin/grep -E'
EXEEXT=''
GDBINIT='.gdbinit'
GMOFILES=' fr.gmo tr.gmo es.gmo rw.gmo'
GMSGFMT='no'
GREP='/usr/bin/grep'
GT_NO=''
GT_YES='#YES#'
INCLUDE_LOCALE_H='#include <locale.h>'
INSTALL_DATA='/usr/bin/install -c -m 644'
INSTALL_PROGRAM='/usr/bin/install -c'
INSTALL_SCRIPT='/usr/bin/install -c'
INSTALL_STRIP_PROGRAM='${SHELL} $(install_sh) -c -s'
INSTOBJEXT='.mo'
INTLDEPS='$(top_builddir)/../intl/libintl.a'
INTLLIBS='$(top_builddir)/../intl/libintl.a'
INTLOBJS='$(GETTOBJS)'
LDFLAGS=''
LEX='flex'
LEXLIB=''
LEX_OUTPUT_ROOT='lex.yy'
LIBM=''
LIBOBJS=''
LIBS=''
LIBTOOL='$(SHELL) $(top_builddir)/libtool'
LN_S='ln -s'
LTLIBOBJS=''
MAINT='#'
MAINTAINER_MODE_FALSE=''
MAINTAINER_MODE_TRUE='#'
MAKEINFO='makeinfo --split-size=5000000'
MKINSTALLDIRS='$(srcdir)/../../mkinstalldirs'
MSGFMT='no'
NO_WERROR=''
OBJEXT='o'
OPCODES_LIB=''
PACKAGE='gas'
PACKAGE_BUGREPORT=''
PACKAGE_NAME=''
PACKAGE_STRING=''
PACKAGE_TARNAME=''
PACKAGE_URL=''
PACKAGE_VERSION=''
PATH_SEPARATOR=':'
POFILES=' fr.po tr.po es.po rw.po'
POSUB='po'
RANLIB='ranlib'
SET_MAKE=''
SHELL='/bin/sh'
STRIP='strip'
USE_INCLUDED_LIBINTL='yes'
USE_NLS='yes'
VERSION='2.17'
WARN_CFLAGS='-W -Wall -Wstrict-prototypes -Wmissing-prototypes'
XGETTEXT=':'
YACC='bison -y'
YFLAGS=''
ac_ct_CC=''
am__fastdepCC_FALSE=''
am__fastdepCC_TRUE='#'
am__include='include'
am__leading_dot='.'
am__quote=''
am__tar='${AMTAR} chof - "$$tardir"'
am__untar='${AMTAR} xf -'
atof='ieee'
bindir='${exec_prefix}/bin'
build='x86_64-unknown-linux-gnu'
build_alias='x86_64-unknown-linux-gnu'
build_cpu='x86_64'
build_os='linux-gnu'
build_vendor='unknown'
cgen_cpu_prefix=''
datadir='${datarootdir}'
datarootdir='${prefix}/share'
docdir='${datarootdir}/doc/${PACKAGE}'
dvidir='${docdir}'
exec_prefix='${prefix}'
extra_objects=''
host='x86_64-unknown-linux-gnu'
host_alias='x86_64-unknown-linux-gnu'
host_cpu='x86_64'
host_os='linux-gnu'
host_vendor='unknown'
htmldir='${docdir}'
includedir='${prefix}/include'
infodir='${datarootdir}/info'
install_sh='/home/runner/work/binutils217/binutils217/install-sh'
install_tooldir='install-exec-tooldir'
l=''
libdir='${exec_prefix}/lib'
libexecdir='${exec_prefix}/libexec'
localedir='${datarootdir}/locale'
localstatedir='${prefix}/var'
mandir='${datarootdir}/man'
mkdir_p='mkdir -p --'
obj_format='elf'
oldincludedir='/usr/include'
pdfdir='${docdir}'
prefix='/tmp/binut217'
program_transform_name='s,y,y,'
psdir='${docdir}'
runstatedir='${localstatedir}/run'
sbindir='${exec_prefix}/sbin'
sharedstatedir='${prefix}/com'
sysconfdir='${prefix}/etc'
target='x86_64-unknown-linux-gnu'
target_alias='x86_64-unknown-linux-gnu'
target_cpu='x86_64'
target_cpu_type='i386'
target_os='linux-gnu'
target_vendor='unknown'
te_file='linux'

## ----------- ##
## confdefs.h. ##
## ----------- ##

/* confdefs.h */
#define PACKAGE_NAME ""
#define PACKAGE_TARNAME ""
#define PACKAGE_VERSION ""
#define PACKAGE_STRING ""
#define PACKAGE_BUGREPORT ""
#define PACKAGE_URL ""
#define PACKAGE "gas"
#define VERSION "2.17"
#define HAVE_STDIO_H 1
#define HAVE_STDLIB_H 1
#define HAVE_STRING_H 1
#define HAVE_INTTYPES_H 1
#define HAVE_STDINT_H 1
#define HAVE_STRINGS_H 1
#define HAVE_SYS_STAT_H 1
#define HAVE_SYS_TYPES_H 1
#define HAVE_UNISTD_H 1
#define HAVE_SYS_PARAM_H 1
#define STDC_HEADERS 1
#define DEFAULT_ARCH "x86_64"
#define EMULATIONS  &i386elf,
#define DEFAULT_EMULATION "i386elf"
#define TARGET_ALIAS "x86_64-unknown-linux-gnu"
#define TARGET_CANONICAL "x86_64-unknown-linux-gnu"
#define TARGET_CPU "x86_64"
#define TARGET_VENDOR "unknown"
#define TARGET_OS "linux-gnu"
#define YYTEXT_POINTER 1
#define HAVE_ALLOCA_H 1
#define HAVE_ALLOCA 1
#define HAVE_GETPAGESIZE 1
#define HAVE_MMAP 1
#define HAVE_ARGZ_H 1
#define HAVE_LIMITS_H 1
#define HAVE_LOCALE_H 1
#define HAVE_NL_TYPES_H 1
#define HAVE_MALLOC_H 1
#define HAVE_STRING_H 1
#define HAVE_UNISTD_H 1
#define HAVE_VALUES_H 1
#define HAVE_SYS_PARAM_H 1
#define HAVE_GETCWD 1
#define HAVE_MUNMAP 1
#define HAVE_PUTENV 1
#define HAVE_SETENV 1
#define HAVE_SETLOCALE 1
#define HAVE_STRCHR 1
#define HAVE_STRCASECMP 1
#define HAVE___ARGZ_COUNT 1
#define HAVE___ARGZ_STRINGIFY 1
#define HAVE___ARGZ_NEXT 1
#define HAVE_STPCPY 1
#define HAVE_STPCPY 1
#define HAVE_LC_MESSAGES 1
#define HAVE_GETTEXT 1
#define ENABLE_NLS 1
#define HAVE_STRING_H 1
#define HAVE_STDLIB_H 1
#define HAVE_MEMORY_H 1
#define HAVE_STRINGS_H 1
#define HAVE_UNISTD_H 1
#define HAVE_STDARG_H 1
#define HAVE_ERRNO_H 1
#define HAVE_SYS_TYPES_H 1
#define HAVE_ALLOCA_H 1
#define HAVE_ALLOCA 1
#define HAVE_UNLINK 1
#define HAVE_SBRK 1
#define HAVE_DECL_GETOPT 1
#define NEED_DECLARATION_ENVIRON 1
#define HAVE_DECL_VSNPRINTF 1

configure: exit 0
